commit 5973a1913a035638e816fd9730cff75499e2f2c7
Author: Atonalsv <otto_alejandro_marroquin@yahoo.com>
Date:   Mon Jan 20 23:04:30 2025 -0600

    Actualiza el index

commit 59649fb5a1f4bbfde639e5773be60a88397b7d3a
Author: Atonalsv <otto_alejandro_marroquin@yahoo.com>
Date:   Mon Jan 20 22:38:26 2025 -0600

    Create README.md
    
    README creado

commit 8866b5b3c50de6bace85aec832a8a3658e491b9d
Author: Atonalsv <otto_alejandro_marroquin@yahoo.com>
Date:   Mon Jan 20 22:35:34 2025 -0600

    Agregar archivos basicos
    
    Archivos basicos de challenge amigo secreto
